// Jest Snapshot v1, https://goo.gl/fbAQLP

exports[`Letterhead rends a letterhead with a given react node 1`] = `
<aside
  className="letterhead"
>
  <p>
    This is a node
  </p>
</aside>
`;
